min_max_report
Startpoint: reset (input port clocked by clock)
Endpoint: _226_ (removal check against rising-edge clock clock)
Path Group: **async_default**
Path Type: min

Fanout     Cap    Slew   Delay    Time   Description
-----------------------------------------------------------------------------
                  0.00    0.00    0.00   clock clock (rise edge)
                          0.00    0.00   clock network delay (ideal)
                         20.00   20.00 v input external delay
                  0.00    0.00   20.00 v reset (in)
     1    0.00                           reset (net)
                  0.00    0.00   20.00 v input2/A (sky130_fd_sc_hd__clkbuf_2)
                  0.03    0.06   20.06 v input2/X (sky130_fd_sc_hd__clkbuf_2)
     2    0.01                           net2 (net)
                  0.03    0.00   20.06 v _123_/A (sky130_fd_sc_hd__inv_2)
                  0.04    0.04   20.11 ^ _123_/Y (sky130_fd_sc_hd__inv_2)
     5    0.01                           _072_ (net)
                  0.04    0.00   20.11 ^ _184_/A (sky130_fd_sc_hd__clkbuf_1)
                  0.04    0.06   20.17 ^ _184_/X (sky130_fd_sc_hd__clkbuf_1)
     1    0.00                           _035_ (net)
                  0.04    0.00   20.17 ^ _226_/RESET_B (sky130_fd_sc_hd__dfrtp_4)
                                 20.17   data arrival time

                  0.00    0.00    0.00   clock clock (rise edge)
                          0.00    0.00   clock network delay (ideal)
                          0.00    0.00   clock reconvergence pessimism
                                  0.00 ^ _226_/CLK (sky130_fd_sc_hd__dfrtp_4)
                          0.20    0.20   library removal time
                                  0.20   data required time
-----------------------------------------------------------------------------
                                  0.20   data required time
                                -20.17   data arrival time
-----------------------------------------------------------------------------
                                 19.97   slack (MET)


Startpoint: _235_ (rising edge-triggered flip-flop clocked by clock)
Endpoint: _235_ (rising edge-triggered flip-flop clocked by clock)
Path Group: clock
Path Type: min

Fanout     Cap    Slew   Delay    Time   Description
-----------------------------------------------------------------------------
                  0.00    0.00    0.00   clock clock (rise edge)
                          0.00    0.00   clock network delay (ideal)
                  0.00    0.00    0.00 ^ _235_/CLK (sky130_fd_sc_hd__dfrtp_1)
                  0.06    0.21    0.21 ^ _235_/Q (sky130_fd_sc_hd__dfrtp_1)
     3    0.01                           M1_Datapath.product[8] (net)
                  0.06    0.00    0.21 ^ _164_/A1 (sky130_fd_sc_hd__a31oi_1)
                  0.02    0.04    0.25 v _164_/Y (sky130_fd_sc_hd__a31oi_1)
     1    0.00                           _060_ (net)
                  0.02    0.00    0.25 v _235_/D (sky130_fd_sc_hd__dfrtp_1)
                                  0.25   data arrival time

                  0.00    0.00    0.00   clock clock (rise edge)
                          0.00    0.00   clock network delay (ideal)
                          0.00    0.00   clock reconvergence pessimism
                                  0.00 ^ _235_/CLK (sky130_fd_sc_hd__dfrtp_1)
                         -0.03   -0.03   library hold time
                                 -0.03   data required time
-----------------------------------------------------------------------------
                                 -0.03   data required time
                                 -0.25   data arrival time
-----------------------------------------------------------------------------
                                  0.28   slack (MET)


Startpoint: reset (input port clocked by clock)
Endpoint: _237_ (recovery check against rising-edge clock clock)
Path Group: **async_default**
Path Type: max

Fanout     Cap    Slew   Delay    Time   Description
-----------------------------------------------------------------------------
                  0.00    0.00    0.00   clock clock (rise edge)
                          0.00    0.00   clock network delay (ideal)
                         20.00   20.00 v input external delay
                  0.01    0.00   20.00 v reset (in)
     1    0.00                           reset (net)
                  0.01    0.00   20.00 v input2/A (sky130_fd_sc_hd__clkbuf_2)
                  0.07    0.17   20.17 v input2/X (sky130_fd_sc_hd__clkbuf_2)
     2    0.01                           net2 (net)
                  0.07    0.00   20.17 v _123_/A (sky130_fd_sc_hd__inv_2)
                  0.08    0.10   20.27 ^ _123_/Y (sky130_fd_sc_hd__inv_2)
     5    0.01                           _072_ (net)
                  0.08    0.00   20.27 ^ _124_/A (sky130_fd_sc_hd__buf_1)
                  0.24    0.27   20.55 ^ _124_/X (sky130_fd_sc_hd__buf_1)
     5    0.01                           _050_ (net)
                  0.24    0.00   20.55 ^ _141_/A (sky130_fd_sc_hd__clkbuf_1)
                  0.08    0.22   20.77 ^ _141_/X (sky130_fd_sc_hd__clkbuf_1)
     1    0.00                           _046_ (net)
                  0.08    0.00   20.77 ^ _237_/RESET_B (sky130_fd_sc_hd__dfrtp_1)
                                 20.77   data arrival time

                  0.00  100.00  100.00   clock clock (rise edge)
                          0.00  100.00   clock network delay (ideal)
                          0.00  100.00   clock reconvergence pessimism
                                100.00 ^ _237_/CLK (sky130_fd_sc_hd__dfrtp_1)
                          0.43  100.43   library recovery time
                                100.43   data required time
-----------------------------------------------------------------------------
                                100.43   data required time
                                -20.77   data arrival time
-----------------------------------------------------------------------------
                                 79.66   slack (MET)


Startpoint: reset (input port clocked by clock)
Endpoint: Ready (output port clocked by clock)
Path Group: clock
Path Type: max

Fanout     Cap    Slew   Delay    Time   Description
-----------------------------------------------------------------------------
                  0.00    0.00    0.00   clock clock (rise edge)
                          0.00    0.00   clock network delay (ideal)
                         20.00   20.00 v input external delay
                  0.01    0.00   20.00 v reset (in)
     1    0.00                           reset (net)
                  0.01    0.00   20.00 v input2/A (sky130_fd_sc_hd__clkbuf_2)
                  0.07    0.17   20.17 v input2/X (sky130_fd_sc_hd__clkbuf_2)
     2    0.01                           net2 (net)
                  0.07    0.00   20.17 v _187_/A (sky130_fd_sc_hd__nor2_1)
                  0.12    0.15   20.33 ^ _187_/Y (sky130_fd_sc_hd__nor2_1)
     1    0.00                           net11 (net)
                  0.12    0.00   20.33 ^ output11/A (sky130_fd_sc_hd__clkbuf_2)
                  0.16    0.28   20.61 ^ output11/X (sky130_fd_sc_hd__clkbuf_2)
     1    0.02                           Ready (net)
                  0.16    0.00   20.61 ^ Ready (out)
                                 20.61   data arrival time

                  0.00  100.00  100.00   clock clock (rise edge)
                          0.00  100.00   clock network delay (ideal)
                          0.00  100.00   clock reconvergence pessimism
                        -20.00   80.00   output external delay
                                 80.00   data required time
-----------------------------------------------------------------------------
                                 80.00   data required time
                                -20.61   data arrival time
-----------------------------------------------------------------------------
                                 59.39   slack (MET)


