min_max_report
Startpoint: reset (input port clocked by clock)
Endpoint: _168_ (removal check against rising-edge clock clock)
Path Group: **async_default**
Path Type: min

Fanout     Cap    Slew   Delay    Time   Description
-----------------------------------------------------------------------------
                  0.00    0.00    0.00   clock clock (rise edge)
                          0.00    0.00   clock network delay (ideal)
                         20.00   20.00 v input external delay
                  0.00    0.00   20.00 v reset (in)
     1    0.00                           reset (net)
                  0.00    0.00   20.00 v _088_/A (sky130_fd_sc_hd__inv_2)
                  0.02    0.02   20.02 ^ _088_/Y (sky130_fd_sc_hd__inv_2)
     2    0.00                           _058_ (net)
                  0.02    0.00   20.02 ^ _145_/A (sky130_fd_sc_hd__buf_1)
                  0.11    0.10   20.12 ^ _145_/X (sky130_fd_sc_hd__buf_1)
     5    0.01                           _043_ (net)
                  0.11    0.00   20.12 ^ _155_/A (sky130_fd_sc_hd__buf_1)
                  0.04    0.06   20.19 ^ _155_/X (sky130_fd_sc_hd__buf_1)
     1    0.00                           _001_ (net)
                  0.04    0.00   20.19 ^ _168_/RESET_B (sky130_fd_sc_hd__dfrtp_2)
                                 20.19   data arrival time

                  0.00    0.00    0.00   clock clock (rise edge)
                          0.00    0.00   clock network delay (ideal)
                          0.00    0.00   clock reconvergence pessimism
                                  0.00 ^ _168_/CLK (sky130_fd_sc_hd__dfrtp_2)
                          0.20    0.20   library removal time
                                  0.20   data required time
-----------------------------------------------------------------------------
                                  0.20   data required time
                                -20.19   data arrival time
-----------------------------------------------------------------------------
                                 19.99   slack (MET)


Startpoint: _180_ (rising edge-triggered flip-flop clocked by clock)
Endpoint: _180_ (rising edge-triggered flip-flop clocked by clock)
Path Group: clock
Path Type: min

Fanout     Cap    Slew   Delay    Time   Description
-----------------------------------------------------------------------------
                  0.00    0.00    0.00   clock clock (rise edge)
                          0.00    0.00   clock network delay (ideal)
                  0.00    0.00    0.00 ^ _180_/CLK (sky130_fd_sc_hd__dfrtp_2)
                  0.04    0.21    0.21 ^ _180_/Q (sky130_fd_sc_hd__dfrtp_2)
     2    0.01                           M1_Datapath.multiplicand[0] (net)
                  0.04    0.00    0.21 ^ _095_/A1 (sky130_fd_sc_hd__a22o_2)
                  0.02    0.07    0.28 ^ _095_/X (sky130_fd_sc_hd__a22o_2)
     1    0.00                           _026_ (net)
                  0.02    0.00    0.28 ^ _180_/D (sky130_fd_sc_hd__dfrtp_2)
                                  0.28   data arrival time

                  0.00    0.00    0.00   clock clock (rise edge)
                          0.00    0.00   clock network delay (ideal)
                          0.00    0.00   clock reconvergence pessimism
                                  0.00 ^ _180_/CLK (sky130_fd_sc_hd__dfrtp_2)
                         -0.02   -0.02   library hold time
                                 -0.02   data required time
-----------------------------------------------------------------------------
                                 -0.02   data required time
                                 -0.28   data arrival time
-----------------------------------------------------------------------------
                                  0.30   slack (MET)


Startpoint: reset (input port clocked by clock)
Endpoint: _178_ (recovery check against rising-edge clock clock)
Path Group: **async_default**
Path Type: max

Fanout     Cap    Slew   Delay    Time   Description
-----------------------------------------------------------------------------
                  0.00    0.00    0.00   clock clock (rise edge)
                          0.00    0.00   clock network delay (ideal)
                         20.00   20.00 v input external delay
                  0.01    0.00   20.00 v reset (in)
     1    0.00                           reset (net)
                  0.01    0.00   20.00 v _088_/A (sky130_fd_sc_hd__inv_2)
                  0.04    0.05   20.05 ^ _088_/Y (sky130_fd_sc_hd__inv_2)
     2    0.00                           _058_ (net)
                  0.04    0.00   20.05 ^ _089_/A (sky130_fd_sc_hd__buf_1)
                  0.22    0.24   20.30 ^ _089_/X (sky130_fd_sc_hd__buf_1)
     5    0.01                           _059_ (net)
                  0.22    0.00   20.30 ^ _090_/A (sky130_fd_sc_hd__buf_1)
                  0.24    0.33   20.63 ^ _090_/X (sky130_fd_sc_hd__buf_1)
     5    0.01                           _015_ (net)
                  0.24    0.00   20.63 ^ _098_/A (sky130_fd_sc_hd__buf_1)
                  0.08    0.22   20.85 ^ _098_/X (sky130_fd_sc_hd__buf_1)
     1    0.00                           _011_ (net)
                  0.08    0.00   20.85 ^ _178_/RESET_B (sky130_fd_sc_hd__dfrtp_2)
                                 20.85   data arrival time

                  0.00  100.00  100.00   clock clock (rise edge)
                          0.00  100.00   clock network delay (ideal)
                          0.00  100.00   clock reconvergence pessimism
                                100.00 ^ _178_/CLK (sky130_fd_sc_hd__dfrtp_2)
                          0.41  100.41   library recovery time
                                100.41   data required time
-----------------------------------------------------------------------------
                                100.41   data required time
                                -20.85   data arrival time
-----------------------------------------------------------------------------
                                 79.56   slack (MET)


Startpoint: reset (input port clocked by clock)
Endpoint: Ready (output port clocked by clock)
Path Group: clock
Path Type: max

Fanout     Cap    Slew   Delay    Time   Description
-----------------------------------------------------------------------------
                  0.00    0.00    0.00   clock clock (rise edge)
                          0.00    0.00   clock network delay (ideal)
                         20.00   20.00 ^ input external delay
                  0.03    0.01   20.01 ^ reset (in)
     1    0.00                           reset (net)
                  0.03    0.00   20.01 ^ _088_/A (sky130_fd_sc_hd__inv_2)
                  0.02    0.04   20.05 v _088_/Y (sky130_fd_sc_hd__inv_2)
     2    0.00                           _058_ (net)
                  0.02    0.00   20.05 v _089_/A (sky130_fd_sc_hd__buf_1)
                  0.13    0.20   20.25 v _089_/X (sky130_fd_sc_hd__buf_1)
     5    0.01                           _059_ (net)
                  0.13    0.00   20.25 v _158_/A1 (sky130_fd_sc_hd__o21a_2)
                  0.13    0.49   20.74 v _158_/X (sky130_fd_sc_hd__o21a_2)
     1    0.02                           Ready (net)
                  0.13    0.00   20.74 v Ready (out)
                                 20.74   data arrival time

                  0.00  100.00  100.00   clock clock (rise edge)
                          0.00  100.00   clock network delay (ideal)
                          0.00  100.00   clock reconvergence pessimism
                        -20.00   80.00   output external delay
                                 80.00   data required time
-----------------------------------------------------------------------------
                                 80.00   data required time
                                -20.74   data arrival time
-----------------------------------------------------------------------------
                                 59.26   slack (MET)


